com/as765/assignment/ejb/UserService.class
com/as765/assignment/jsf/AdminUserTransactionsBean.class
com/as765/assignment/jsf/RegistrationBean.class
com/as765/assignment/ejb/UserServiceBean.class
com/as765/assignment/jsf/LoginBean.class
com/as765/assignment/entity/UserTransaction.class
com/as765/assignment/entity/SystemUserGroup_.class
com/as765/assignment/entity/AppUser.class
com/as765/assignment/entity/SystemUser.class
com/as765/assignment/jsf/AdminViewTransactionsBean.class
com/as765/assignment/entity/SystemUser_.class
com/as765/assignment/ejb/AdminLoadBean.class
com/as765/assignment/jsf/PaymentRequestBean.class
com/as765/assignment/entity/SystemUserGroup.class
com/as765/assignment/jsf/AdminViewUsersBean.class
com/as765/assignment/jsf/MultiDateConverter.class
com/as765/assignment/entity/UserTransaction_.class
com/as765/assignment/jsf/PaymentBean.class
com/as765/assignment/ejb/AdminService.class
com/as765/assignment/jsf/PendingRequestBean.class
com/as765/assignment/jsf/LogoutBean.class
com/as765/assignment/jsf/WelcomeBean.class
com/as765/assignment/ejb/AdminServiceBean.class
com/as765/assignment/ejb/CurrencyConverterBean.class
com/as765/assignment/entity/AppUser_.class
com/as765/assignment/jsf/AddAdminBean.class
