/Users/Arsalan/Documents/WebAppsAndServices/Assignment/src/main/java/com/as765/assignment/jsf/AddAdminBean.java
/Users/Arsalan/Documents/WebAppsAndServices/Assignment/src/main/java/com/as765/assignment/jsf/PaymentBean.java
/Users/Arsalan/Documents/WebAppsAndServices/Assignment/src/main/java/com/as765/assignment/jsf/MultiDateConverter.java
/Users/Arsalan/Documents/WebAppsAndServices/Assignment/src/main/java/com/as765/assignment/jsf/AdminViewTransactionsBean.java
/Users/Arsalan/Documents/WebAppsAndServices/Assignment/src/main/java/com/as765/assignment/jsf/WelcomeBean.java
/Users/Arsalan/Documents/WebAppsAndServices/Assignment/src/main/java/com/as765/assignment/jsf/RegistrationBean.java
/Users/Arsalan/Documents/WebAppsAndServices/Assignment/src/main/java/com/as765/assignment/jsf/PendingRequestBean.java
/Users/Arsalan/Documents/WebAppsAndServices/Assignment/src/main/java/com/as765/assignment/jsf/AdminViewUsersBean.java
/Users/Arsalan/Documents/WebAppsAndServices/Assignment/src/main/java/com/as765/assignment/jsf/AdminUserTransactionsBean.java
/Users/Arsalan/Documents/WebAppsAndServices/Assignment/src/main/java/com/as765/assignment/jsf/LoginBean.java
/Users/Arsalan/Documents/WebAppsAndServices/Assignment/src/main/java/com/as765/assignment/ejb/AdminLoadBean.java
/Users/Arsalan/Documents/WebAppsAndServices/Assignment/src/main/java/com/as765/assignment/ejb/AdminServiceBean.java
/Users/Arsalan/Documents/WebAppsAndServices/Assignment/src/main/java/com/as765/assignment/ejb/CurrencyConverterBean.java
/Users/Arsalan/Documents/WebAppsAndServices/Assignment/src/main/java/com/as765/assignment/ejb/UserServiceBean.java
/Users/Arsalan/Documents/WebAppsAndServices/Assignment/src/main/java/com/as765/assignment/entity/AppUser.java
/Users/Arsalan/Documents/WebAppsAndServices/Assignment/src/main/java/com/as765/assignment/entity/UserTransaction.java
/Users/Arsalan/Documents/WebAppsAndServices/Assignment/src/main/java/com/as765/assignment/jsf/PaymentRequestBean.java
/Users/Arsalan/Documents/WebAppsAndServices/Assignment/src/main/java/com/as765/assignment/ejb/UserService.java
/Users/Arsalan/Documents/WebAppsAndServices/Assignment/src/main/java/com/as765/assignment/entity/SystemUser.java
/Users/Arsalan/Documents/WebAppsAndServices/Assignment/src/main/java/com/as765/assignment/jsf/LogoutBean.java
/Users/Arsalan/Documents/WebAppsAndServices/Assignment/src/main/java/com/as765/assignment/ejb/AdminService.java
/Users/Arsalan/Documents/WebAppsAndServices/Assignment/src/main/java/com/as765/assignment/entity/SystemUserGroup.java
